{
  "packages/simple-package/README.md": "# @internal/simple-package

## Usage Add usage instructions here.",
  "packages/simple-package/eslint.config.ts": "import baseConfig from '@internal/eslint-config/base';

export default baseConfig;
",
  "packages/simple-package/package.json": "{
  "name": "@internal/simple-package",
  "type": "module",
  "version": "0.0.0",
  "private": true,
  "packageManager": "pnpm@10.12.2",
  "author": "",
  "license": "MIT",
  "repository": {
    "type": "git",
    "url": "https://github.com/pixpilot/pnpm-toolkit.git",
    "directory": "packages/simple-package"
  },
  "keywords": [],
  "exports": "./src/index.ts",
  "files": [
    "dist"
  ],
  "scripts": {
    "prepublishOnly": "pnpm run clean && pnpm run build",
    "clean": "rimraf dist",
    "build": "pnpm run clean && rollup -c",
    "test": "vitest",
    "test:watch": "vitest --watch",
    "test:ui": "vitest --ui",
    "test:coverage": "vitest --coverage",
    "typecheck": "tsc --noEmit",
    "lint": "eslint",
    "format": "prettier --check . --ignore-path ../../.gitignore --ignore-path ../../.prettierignore"
  },
  "devDependencies": {
    "@internal/eslint-config": "workspace:*",
    "@internal/prettier-config": "workspace:*",
    "@internal/rollup-config": "workspace:*",
    "@internal/tsconfig": "workspace:*",
    "@internal/vitest-config": "workspace:*",
    "@pixpilot/dev-config": "catalog:dev",
    "@types/node": "catalog:dev",
    "rollup": "catalog:dev"
  }
}
",
  "packages/simple-package/rollup.config.js": "import rollupConfig from '@internal/rollup-config';

export default rollupConfig;
",
  "packages/simple-package/src/index.ts": "export * from './main';",
  "packages/simple-package/src/main.ts": "export const name = '@internal/simple-package';",
  "packages/simple-package/test/main.test.ts": "import { describe, it, expect } from 'vitest'; import { name } from '../src';
describe('name', () => { it('should be defined', () => { expect(name).toBeDefined(); });
});",
  "packages/simple-package/tsconfig.build.json": "{
  "extends": "./tsconfig.json",
  "compilerOptions": {
    "declaration": true,
    "declarationDir": "./dist",
    "outDir": "./dist",
    "rootDir": "./src"
  },
  "include": ["src"],
  "exclude": ["test/**/*.spec.ts", "test/**/*.test.ts"]
}
",
  "packages/simple-package/tsconfig.json": "{
  "extends": "@internal/tsconfig/base.json",
  "include": ["src", "test", "scripts", "rollup.config.js"]
}
",
  "packages/simple-package/vitest.config.ts": "import baseConfig from '@internal/vitest-config';

export default baseConfig;
",
}